This works!
This works!
This works!
